import ctypes
import ctypes.util
import os

os.environ['LIBRARY_PATH'] = os.path.dirname(os.path.abspath(__file__))
test_path = ctypes.util.find_library('test')
test = ctypes.CDLL(os.path.abspath(test_path))

typedef_my_complex = (ctypes.c_double * 2)

test.my_main.restype = ctypes.c_int
test.my_main.argtypes = [ctypes.c_int, ctypes.POINTER(ctypes.c_char_p)]

typedef_my_complex_3d_point = ((ctypes.c_double * 2) * 3)

typedef_complex_3d_point = ((ctypes.c_double * 2) * 3)

typedef_big_t = ((ctypes.c_ubyte * 16) * 2)
